calcu/calcu.cc
calcu/parser.c
doc/sdh.c
easydiag/lablchek.cc
easydiag/lablradi.cc
easydiag/snostate.cc
easydiag/tcheck2.cc
easydiag/test.cc
easydiag/tmiclust.cc
easydiag/tsbutton.cc
easydiag/tschkarr.cc
easydiag/tschkbox.cc
easydiag/tshscrol.cc
easydiag/tshzgrp.cc
easydiag/tsinplin.cc
easydiag/tsinplpi.cc
easydiag/tslabel.cc
easydiag/tslistbo.cc
easydiag/tsradbot.cc
easydiag/tssortlb.cc
easydiag/tssosslb.cc
easydiag/tstatext.cc
easydiag/tstextsc.cc
easydiag/tstsorlb.cc
easydiag/tsvegrp.cc
easydiag/tsview.cc
easydiag/tsviewco.cc
easydiag/ttextscr.cc
extra/dyncat.cc
extra/getopt.c
extra/getopt1.c
extra/strncpyz.cc
extra/strndup.cc
extra/winoldap.cc
fonts/boxround.cc
fonts/cntdown.cc
fonts/ocr.cc
fonts/rombios.cc
fonts/thin.cc
infview/inf.cc
infview/infbase.cc
infview/names/nhiscoll.cc
infview/names/ninfview.cc
infview/names/ninfwind.cc
infview/streams/sinf.cc
mainsrc/accehtml.cc
mainsrc/bufun.cc
mainsrc/ceditor.cc
mainsrc/deedidia.cc
mainsrc/doedidia.cc
mainsrc/dumpfile.cc
mainsrc/edconst.cc
mainsrc/editorfo.cc
mainsrc/editwind.cc
mainsrc/edspecs.cc
mainsrc/fstrcmp.c
mainsrc/gzfiles.cc
mainsrc/keytrans.cc
mainsrc/linelen.cc
mainsrc/loaddefl.cc
mainsrc/loadfunc.cc
mainsrc/loadshl.cc
mainsrc/loadusew.cc
mainsrc/macrocom.cc
mainsrc/nonansi.cc
mainsrc/pathtool.cc
mainsrc/pmacros.cc
mainsrc/rhideint.cc
mainsrc/sdginter.cc
mainsrc/search.cc
mainsrc/slpinter.cc
mainsrc/splinman.cc
mainsrc/ssyntax.cc
mainsrc/tsindica.cc
mp3/ampdiag.cc
mp3/intermp3.cc
mp3/libamp/audioalg.c
mp3/libamp/audiolib.c
mp3/libamp/dump.c
mp3/libamp/formats.c
mp3/libamp/getbits.c
mp3/libamp/getdata.c
mp3/libamp/guicontr.c
mp3/libamp/huffman.c
mp3/libamp/layer2.c
mp3/libamp/layer3.c
mp3/libamp/misc2.c
mp3/libamp/position.c
mp3/libamp/rtbuf.c
mp3/libamp/transfor.c
mp3/libamp/util.c
mp3/mp3list.cc
mp3/mp3play.cc
names/nceditor.cc
names/ndskwcli.cc
names/ndskwclo.cc
names/ndskwedi.cc
names/ndskwhel.cc
names/ndskwmes.cc
names/ndskwmp3.cc
names/ndskwprj.cc
names/neditwin.cc
names/nfileedi.cc
names/nsindica.cc
names/ntedcol.cc
sdg/bufun.cc
sdg/edspecs.cc
sdg/gettext.c
sdg/mli.cc
sdg/mliasimp.cc
sdg/mlicsdg.cc
sdg/mliediti.cc
sdg/mliedito.cc
sdg/mlisdg.cc
sdg/txhgen.cc
sdg/txhmain.cc
setedit/advice.cc
setedit/codepage.cc
setedit/dskclip.cc
setedit/dskclose.cc
setedit/dskedito.cc
setedit/dskhelp.cc
setedit/dskmessa.cc
setedit/dskmp3.cc
setedit/dskwin.cc
setedit/dstfile.cc
setedit/edcolor.cc
setedit/edfonts.cc
setedit/editdiag.cc
setedit/editmain.cc
setedit/editmenu.cc
setedit/editpale.cc
setedit/edkeys.cc
setedit/edmsg.cc
setedit/edprefs.cc
setedit/edprint.cc
setedit/edprj.cc
setedit/getctxhl.cc
setedit/intgrep.cc
setedit/menuload.cc
setedit/msignal.cc
setedit/runprog.cc
setedit/scresave.cc
setedit/streams/sdskclip.cc
setedit/streams/sdskclos.cc
setedit/streams/sdskedit.cc
setedit/streams/sdskhelp.cc
setedit/streams/sdskmess.cc
setedit/streams/sdskmp3.cc
setedit/streams/sdskprj.cc
setedit/streams/sedcolle.cc
setedit/tedcolle.cc
setedit/tips.cc
setedit/tpaltext.cc
setedit/winlistd.cc
settvuti/diaghelp.cc
settvuti/dktclock.cc
settvuti/fileopen.cc
settvuti/fiopeaid.cc
settvuti/include/sarray.cc
settvuti/inputsca.cc
settvuti/names/ninputsc.cc
settvuti/names/nprogbar.cc
settvuti/names/nprogres.cc
settvuti/names/ntnocast.cc
settvuti/names/ntnosost.cc
settvuti/nostatex.cc
settvuti/setstack.cc
settvuti/streams/sprogbar.cc
settvuti/streams/sprogres.cc
settvuti/streams/stnocast.cc
settvuti/streams/stnonost.cc
settvuti/tdiagaid.cc
settvuti/tdiagrow.cc
settvuti/tinppipe.cc
settvuti/tnocastc.cc
settvuti/tnosostr.cc
settvuti/tprogbar.cc
settvuti/tprogdia.cc
settvuti/tprogrdi.cc
settvuti/tprogres.cc
settvuti/tstrlbox.cc
settvuti/uisarray.cc
settvuti/ussarray.cc
settvuti/viewplus.cc
streams/sceditor.cc
streams/sedhelp.cc
streams/ssindica.cc
tools/cmclist.c
tools/conv.cc
tools/kbv.c
tools/mft.c
tools/mideline.cc
