bc.cc
classes/calcdisp.cc
classes/calculat.cc
classes/fpbase.cc
classes/fpstream.cc
classes/ifpstrea.cc
classes/iopstrea.cc
classes/ipstream.cc
classes/linux/tdisplay.cc
classes/linux/tfont.cc
classes/linux/thwmouse.cc
classes/linux/tscreen.cc
classes/ofpstrea.cc
classes/opstream.cc
classes/pstream.cc
classes/tapplica.cc
classes/tbackgro.cc
classes/tbutton.cc
classes/tchdirdi.cc
classes/tcheckbo.cc
classes/tclrdisp.cc
classes/tcluster.cc
classes/tcollect.cc
classes/tcolordi.cc
classes/tcolorgr.cc
classes/tcolorit.cc
classes/tcolorse.cc
classes/tcommand.cc
classes/tdesktop.cc
classes/tdialog.cc
classes/tdircoll.cc
classes/tdirlist.cc
classes/tdisplay.cc
classes/tdrawbuf.cc
classes/teditor.cc
classes/teditorf.cc
classes/teditwin.cc
classes/tevent.cc
classes/tfilecol.cc
classes/tfiledia.cc
classes/tfileedi.cc
classes/tfileinf.cc
classes/tfileinp.cc
classes/tfilelis.cc
classes/tfilterv.cc
classes/tfont.cc
classes/tframe.cc
classes/tgroup.cc
classes/thistory.cc
classes/thistvie.cc
classes/thistwin.cc
classes/thwmouse.cc
classes/tindicat.cc
classes/tinputli.cc
classes/tlabel.cc
classes/tlistbox.cc
classes/tlistvie.cc
classes/tmemo.cc
classes/tmenubar.cc
classes/tmenubox.cc
classes/tmenuvie.cc
classes/tmonosel.cc
classes/tmouse.cc
classes/tnscolle.cc
classes/tnssorte.cc
classes/tobject.cc
classes/tpalette.cc
classes/tparamte.cc
classes/tpoint.cc
classes/tprogini.cc
classes/tprogram.cc
classes/tpwobj.cc
classes/tpwreado.cc
classes/tpwritte.cc
classes/tradiobu.cc
classes/trangeva.cc
classes/trescoll.cc
classes/tresfile.cc
classes/tscreen.cc
classes/tscrollb.cc
classes/tscrolle.cc
classes/tsortedc.cc
classes/tsortedl.cc
classes/tstatict.cc
classes/tstatusd.cc
classes/tstatusl.cc
classes/tstrinde.cc
classes/tstringc.cc
classes/tstringl.cc
classes/tstrlist.cc
classes/tstrmcla.cc
classes/tstrmtyp.cc
classes/tsubmenu.cc
classes/ttermina.cc
classes/ttextdev.cc
classes/tvalidat.cc
classes/tvedit1.cc
classes/tvedit2.cc
classes/tvedit3.cc
classes/tview.cc
classes/tvtext1.cc
classes/tvtext2.cc
classes/twindow.cc
drivers2.cc
dual.cc
fileview.cc
gkey.cc
histlist.cc
linux/gkeyli.cc
misc.cc
mouse.cc
msgbox.cc
newstr.cc
rhscreen.cc
screen.cc
sescreen.cc
ticks.cc
tweaked.c
vesa.cc
vga.cc
